
> opencomic@1.8.3 prebuild
> tsc && npm run test && npm run prebuild-start


> opencomic@1.8.3 test
> npm run eslint && node .dist/test.js


> opencomic@1.8.3 eslint
> eslint ./scripts

Runed tests: Ok

> opencomic@1.8.3 prebuild-start
> tsc && node .dist/build.js && node themes/material-design/colors/generate-colors.js && node languages/fill-languages.js

  • electron-builder  version=26.7.0 os=10.0.26200
  • loaded configuration  file=package.json ("build" field)
  • skipped dependencies rebuild  reason=npmRebuild is set to false
  • packaging       platform=win32 arch=x64 electron=40.2.1 appOutDir=dist\win-unpacked
  • searching for node modules  pm=npm searchDir=D:\Rishith\Rishith\Flutter\Flutter\OpenComic-master
(node:26236) [DEP0190] DeprecationWarning: Passing args to a child process with shell option true can lead to security vulnerabilities, as the arguments are not escaped, only concatenated.
(Use `node --trace-deprecation ...` to show where the warning was created)
  • updating asar integrity executable resource  executablePath=dist\win-unpacked\opencomic.exe
  • signing with signtool.exe  path=dist\win-unpacked\opencomic.exe
  • signing with signtool.exe  path=dist\win-unpacked\resources\app.asar.unpacked\node_modules\ssh2\util\pagent.exe
  • signing with signtool.exe  path=dist\win-unpacked\resources\app.asar.unpacked\node_modules\opencomic-ai-bin\win\x64\waifu2x\waifu2x-ncnn-vulkan.exe
  • signing with signtool.exe  path=dist\win-unpacked\resources\app.asar.unpacked\node_modules\opencomic-ai-bin\win\x64\upscayl\upscayl-bin.exe
  • signing with signtool.exe  path=dist\win-unpacked\resources\app.asar.unpacked\node_modules\opencomic-ai-bin\win\x64\realcugan\realcugan-ncnn-vulkan.exe
  • signing with signtool.exe  path=dist\win-unpacked\resources\app.asar.unpacked\node_modules\7zip-bin-full\win\x64\7z.exe
  • building        target=nsis file=dist\OpenComic Setup 1.8.3.exe archs=x64 oneClick=false perMachine=false
  • signing with signtool.exe  path=dist\win-unpacked\resources\elevate.exe
  • signing with signtool.exe  path=dist\OpenComic Setup 1.8.3.__uninstaller.exe
  • signing with signtool.exe  path=dist\OpenComic Setup 1.8.3.exe
  • building        target=portable file=dist\OpenComic 1.8.3.exe archs=x64
  • signing with signtool.exe  path=dist\OpenComic 1.8.3.exe

> opencomic@1.8.3 postbuild
> node .dist/test-postbuild.js

Runed postbuild tests: Ok
BUILD_EXIT=0
