
> opencomic@1.8.3 prebuild
> tsc && npm run test && npm run prebuild-start


> opencomic@1.8.3 test
> npm run eslint && node .dist/test.js


> opencomic@1.8.3 eslint
> eslint ./scripts

Runed tests: Ok

> opencomic@1.8.3 prebuild-start
> tsc && node .dist/build.js && node themes/material-design/colors/generate-colors.js && node languages/fill-languages.js

  • electron-builder  version=26.7.0 os=10.0.26200
  • loaded configuration  file=package.json ("build" field)
  • skipped dependencies rebuild  reason=npmRebuild is set to false
  • packaging       platform=win32 arch=x64 electron=40.2.1 appOutDir=dist\win-unpacked
  • searching for node modules  pm=npm searchDir=D:\Rishith\Rishith\Flutter\Flutter\OpenComic-master
(node:27416) [DEP0190] DeprecationWarning: Passing args to a child process with shell option true can lead to security vulnerabilities, as the arguments are not escaped, only concatenated.
(Use `node --trace-deprecation ...` to show where the warning was created)
  • updating asar integrity executable resource  executablePath=dist\win-unpacked\opencomic.exe
  • signing with signtool.exe  path=dist\win-unpacked\opencomic.exe
  • signing with signtool.exe  path=dist\win-unpacked\resources\app.asar.unpacked\node_modules\ssh2\util\pagent.exe
  • signing with signtool.exe  path=dist\win-unpacked\resources\app.asar.unpacked\node_modules\opencomic-ai-bin\win\x64\waifu2x\waifu2x-ncnn-vulkan.exe
  • signing with signtool.exe  path=dist\win-unpacked\resources\app.asar.unpacked\node_modules\opencomic-ai-bin\win\x64\upscayl\upscayl-bin.exe
  • signing with signtool.exe  path=dist\win-unpacked\resources\app.asar.unpacked\node_modules\opencomic-ai-bin\win\x64\realcugan\realcugan-ncnn-vulkan.exe
  • signing with signtool.exe  path=dist\win-unpacked\resources\app.asar.unpacked\node_modules\7zip-bin-full\win\x64\7z.exe
  • building        target=nsis file=dist\OpenComic Setup 1.8.3.exe archs=x64 oneClick=false perMachine=false
  • signing with signtool.exe  path=dist\win-unpacked\resources\elevate.exe
  • signing with signtool.exe  path=dist\OpenComic Setup 1.8.3.__uninstaller.exe
  • signing with signtool.exe  path=dist\OpenComic Setup 1.8.3.exe
  • building        target=portable file=dist\OpenComic 1.8.3.exe archs=x64
  • signing with signtool.exe  path=dist\OpenComic 1.8.3.exe

> opencomic@1.8.3 postbuild
> node .dist/test-postbuild.js

D:\Rishith\Rishith\Flutter\Flutter\OpenComic-master\.dist\test-postbuild.js:40
        throw new Error('package.json read out of ' + asarPath + ' is not valid JSON - the archive is corrupt (its internal file offsets point at the wrong bytes, a known symptom of something else writing to app.asar mid-build). Delete dist/ and rebuild.\n\n' + error.message);
        ^

Error: package.json read out of ./dist/win-unpacked/resources/app.asar is not valid JSON - the archive is corrupt (its internal file offsets point at the wrong bytes, a known symptom of something else writing to app.asar mid-build). Delete dist/ and rebuild.

Bad control character in string literal in JSON at position 2 (line 1 column 3)
    at verifyAsar (D:\Rishith\Rishith\Flutter\Flutter\OpenComic-master\.dist\test-postbuild.js:40:15)
    at Object.<anonymous> (D:\Rishith\Rishith\Flutter\Flutter\OpenComic-master\.dist\test-postbuild.js:154:9)
    at Module._compile (node:internal/modules/cjs/loader:1830:14)
    at Object..js (node:internal/modules/cjs/loader:1961:10)
    at Module.load (node:internal/modules/cjs/loader:1553:32)
    at Module._load (node:internal/modules/cjs/loader:1355:12)
    at wrapModuleLoad (node:internal/modules/cjs/loader:255:19)
    at Module.executeUserEntryPoint [as runMain] (node:internal/modules/run_main:154:5)
    at node:internal/main/run_main_module:33:47

Node.js v24.15.0
BUILD_EXIT=1
